\BOOKMARK [0][-]{chapter.1}{\376\377\000I\000n\000t\000r\000o\000d\000u\000c\000t\000i\000o\000n}{}% 1
\BOOKMARK [0][-]{chapter.2}{\376\377\000L\000i\000n\000u\000x}{}% 2
\BOOKMARK [1][-]{section.2.1}{\376\377\000S\000y\000s\000t\000e\000m\000\040\000R\000e\000l\000a\000t\000e\000d\000\040\000C\000o\000m\000m\000a\000n\000d\000s}{chapter.2}% 3
\BOOKMARK [2][-]{subsection.2.1.1}{\376\377\000C\000h\000e\000c\000k\000i\000n\000g\000\040\000R\000P\000M\000\040\000P\000a\000c\000k\000a\000g\000e\000s\000\040\000a\000n\000d\000\040\000V\000e\000r\000s\000i\000o\000n\000s}{section.2.1}% 4
\BOOKMARK [1][-]{section.2.2}{\376\377\000R\000e\000m\000o\000t\000e\000\040\000C\000o\000n\000n\000e\000c\000t\000i\000o\000n\000s\000\040\000\050\000S\000S\000H\000\051}{chapter.2}% 5
\BOOKMARK [1][-]{section.2.3}{\376\377\000F\000i\000l\000e\000s\000\040\000a\000n\000d\000\040\000S\000t\000o\000r\000a\000g\000e}{chapter.2}% 6
\BOOKMARK [1][-]{section.2.4}{\376\377\000U\000s\000e\000r\000s\000\040\000a\000n\000d\000\040\000G\000r\000o\000u\000p\000s}{chapter.2}% 7
\BOOKMARK [1][-]{section.2.5}{\376\377\000N\000e\000t\000w\000o\000r\000k\000i\000n\000g}{chapter.2}% 8
\BOOKMARK [2][-]{subsection.2.5.1}{\376\377\000R\000e\000d\000i\000r\000e\000c\000t\000i\000n\000g\000\040\000p\000r\000o\000g\000r\000a\000m\000\040\000o\000u\000t\000p\000u\000t}{section.2.5}% 9
\BOOKMARK [1][-]{section.2.6}{\376\377\000S\000h\000e\000l\000l\000/\000B\000a\000s\000h\000\040\000S\000c\000r\000i\000p\000t\000i\000n\000g}{chapter.2}% 10
\BOOKMARK [1][-]{section.2.7}{\376\377\000O\000t\000h\000e\000r}{chapter.2}% 11
\BOOKMARK [2][-]{subsection.2.7.1}{\376\377\000e\000m\000a\000c\000s}{section.2.7}% 12
\BOOKMARK [0][-]{chapter.3}{\376\377\000W\000i\000n\000d\000o\000w\000s}{}% 13
\BOOKMARK [0][-]{chapter.4}{\376\377\000M\000a\000c}{}% 14
\BOOKMARK [0][-]{chapter.5}{\376\377\000C\000/\000C\000+\000+}{}% 15
\BOOKMARK [1][-]{section.5.1}{\376\377\000D\000a\000t\000a\000\040\000T\000y\000p\000e\000s}{chapter.5}% 16
\BOOKMARK [1][-]{section.5.2}{\376\377\000B\000a\000s\000i\000c\000s\000\040\000o\000f\000\040\000t\000h\000e\000\040\000L\000a\000n\000g\000u\000a\000g\000e}{chapter.5}% 17
\BOOKMARK [2][-]{subsection.5.2.1}{\376\377\000B\000a\000s\000i\000c\000\040\000I\000n\000p\000u\000t\000\040\000a\000n\000d\000\040\000O\000u\000t\000p\000u\000t}{section.5.2}% 18
\BOOKMARK [2][-]{subsection.5.2.2}{\376\377\000V\000a\000r\000i\000a\000b\000l\000e\000\040\000T\000y\000p\000e\000s}{section.5.2}% 19
\BOOKMARK [2][-]{subsection.5.2.3}{\376\377\000C\000l\000a\000s\000s\000\040\000S\000t\000r\000u\000c\000t\000u\000r\000e\000s}{section.5.2}% 20
\BOOKMARK [2][-]{subsection.5.2.4}{\376\377\000C\000o\000n\000v\000e\000r\000t\000i\000n\000g\000\040\000B\000e\000t\000w\000e\000e\000n\000\040\000T\000y\000p\000e\000s}{section.5.2}% 21
\BOOKMARK [1][-]{section.5.3}{\376\377\000M\000a\000t\000h\000e\000m\000a\000t\000i\000c\000a\000l\000\040\000C\000o\000m\000m\000a\000n\000d\000s}{chapter.5}% 22
\BOOKMARK [1][-]{section.5.4}{\376\377\000S\000y\000s\000t\000e\000m\000\040\000C\000o\000m\000m\000a\000n\000d\000s}{chapter.5}% 23
\BOOKMARK [2][-]{subsection.5.4.1}{\376\377\000S\000i\000m\000u\000l\000a\000t\000e\000\040\000K\000e\000y\000\040\000S\000t\000r\000o\000k\000e\000s}{section.5.4}% 24
\BOOKMARK [1][-]{section.5.5}{\376\377\000C\000o\000m\000p\000i\000l\000e\000r\000/\000P\000r\000o\000c\000e\000s\000s\000o\000r\000\040\000s\000p\000e\000c\000i\000f\000i\000c}{chapter.5}% 25
\BOOKMARK [1][-]{section.5.6}{\376\377\000A\000d\000v\000a\000n\000c\000e\000d\000\040\000C\000o\000d\000i\000n\000g\000\040\000F\000e\000a\000t\000u\000r\000e\000s}{chapter.5}% 26
\BOOKMARK [1][-]{section.5.7}{\376\377\000P\000I\000m\000p\000l\000\040\000I\000d\000i\000o\000m\000\040\000\050\000P\000o\000i\000n\000t\000e\000r\000\040\000t\000o\000\040\000I\000m\000p\000l\000e\000m\000e\000n\000t\000a\000t\000i\000o\000n\000\051}{chapter.5}% 27
\BOOKMARK [2][-]{subsection.5.7.1}{\376\377\000E\000x\000a\000m\000p\000l\000e\000:\000\040\000P\000I\000m\000p\000l\000\040\000I\000d\000i\000o\000m}{section.5.7}% 28
\BOOKMARK [2][-]{subsection.5.7.2}{\376\377\000B\000e\000n\000e\000f\000i\000t\000s\000\040\000o\000f\000\040\000P\000I\000m\000p\000l}{section.5.7}% 29
\BOOKMARK [2][-]{subsection.5.7.3}{\376\377\000C\000o\000n\000s\000i\000d\000e\000r\000a\000t\000i\000o\000n\000s}{section.5.7}% 30
\BOOKMARK [1][-]{section.5.8}{\376\377\000T\000a\000g\000\040\000D\000i\000s\000p\000a\000t\000c\000h}{chapter.5}% 31
\BOOKMARK [2][-]{subsection.5.8.1}{\376\377\000E\000x\000a\000m\000p\000l\000e\000:\000\040\000T\000a\000g\000\040\000D\000i\000s\000p\000a\000t\000c\000h}{section.5.8}% 32
\BOOKMARK [2][-]{subsection.5.8.2}{\376\377\000B\000e\000n\000e\000f\000i\000t\000s\000\040\000o\000f\000\040\000T\000a\000g\000\040\000D\000i\000s\000p\000a\000t\000c\000h}{section.5.8}% 33
\BOOKMARK [2][-]{subsection.5.8.3}{\376\377\000C\000o\000n\000s\000i\000d\000e\000r\000a\000t\000i\000o\000n\000s}{section.5.8}% 34
\BOOKMARK [1][-]{section.5.9}{\376\377\000M\000o\000d\000e\000r\000n\000\040\000C\000+\000+\000\040\000U\000t\000i\000l\000i\000t\000y\000\040\000T\000y\000p\000e\000s}{chapter.5}% 35
\BOOKMARK [2][-]{subsection.5.9.1}{\376\377\000s\000t\000d\000:\000:\000o\000p\000t\000i\000o\000n\000a\000l}{section.5.9}% 36
\BOOKMARK [2][-]{subsection.5.9.2}{\376\377\000s\000t\000d\000:\000:\000m\000a\000k\000e\000\137\000p\000a\000i\000r\000\040\000a\000n\000d\000\040\000s\000t\000d\000:\000:\000t\000u\000p\000l\000e}{section.5.9}% 37
\BOOKMARK [2][-]{subsection.5.9.3}{\376\377\000s\000t\000d\000:\000:\000a\000p\000p\000l\000y}{section.5.9}% 38
\BOOKMARK [2][-]{subsection.5.9.4}{\376\377\000s\000t\000d\000:\000:\000t\000i\000e}{section.5.9}% 39
\BOOKMARK [2][-]{subsection.5.9.5}{\376\377\000s\000t\000d\000:\000:\000i\000g\000n\000o\000r\000e}{section.5.9}% 40
\BOOKMARK [2][-]{subsection.5.9.6}{\376\377\000s\000t\000d\000:\000:\000v\000a\000r\000i\000a\000n\000t}{section.5.9}% 41
\BOOKMARK [2][-]{subsection.5.9.7}{\376\377\000s\000t\000d\000:\000:\000a\000n\000y}{section.5.9}% 42
\BOOKMARK [1][-]{section.5.10}{\376\377\000S\000m\000a\000r\000t\000\040\000P\000o\000i\000n\000t\000e\000r\000s}{chapter.5}% 43
\BOOKMARK [2][-]{subsection.5.10.1}{\376\377\000s\000t\000d\000:\000:\000u\000n\000i\000q\000u\000e\000\137\000p\000t\000r}{section.5.10}% 44
\BOOKMARK [2][-]{subsection.5.10.2}{\376\377\000s\000t\000d\000:\000:\000s\000h\000a\000r\000e\000d\000\137\000p\000t\000r}{section.5.10}% 45
\BOOKMARK [2][-]{subsection.5.10.3}{\376\377\000s\000t\000d\000:\000:\000w\000e\000a\000k\000\137\000p\000t\000r}{section.5.10}% 46
\BOOKMARK [2][-]{subsection.5.10.4}{\376\377\000s\000t\000d\000:\000:\000m\000a\000k\000e\000\137\000u\000n\000i\000q\000u\000e\000\040\000a\000n\000d\000\040\000s\000t\000d\000:\000:\000m\000a\000k\000e\000\137\000s\000h\000a\000r\000e\000d}{section.5.10}% 47
\BOOKMARK [1][-]{section.5.11}{\376\377\000T\000y\000p\000e\000\040\000A\000l\000i\000a\000s\000e\000s}{chapter.5}% 48
\BOOKMARK [1][-]{section.5.12}{\376\377\000R\000a\000n\000g\000e\000-\000B\000a\000s\000e\000d\000\040\000F\000o\000r\000\040\000L\000o\000o\000p\000s}{chapter.5}% 49
\BOOKMARK [1][-]{section.5.13}{\376\377\000L\000a\000m\000b\000d\000a\000s}{chapter.5}% 50
\BOOKMARK [1][-]{section.5.14}{\376\377\000S\000t\000r\000u\000c\000t\000u\000r\000e\000d\000\040\000B\000i\000n\000d\000i\000n\000g\000s}{chapter.5}% 51
\BOOKMARK [1][-]{section.5.15}{\376\377\000C\000o\000n\000d\000i\000t\000i\000o\000n\000a\000l\000\040\000C\000o\000m\000p\000i\000l\000a\000t\000i\000o\000n\000\040\000w\000i\000t\000h\000\040\000s\000t\000d\000:\000:\000e\000n\000a\000b\000l\000e\000\137\000i\000f\000\137\000t}{chapter.5}% 52
\BOOKMARK [1][-]{section.5.16}{\376\377\000V\000a\000r\000i\000a\000d\000i\000c\000\040\000T\000e\000m\000p\000l\000a\000t\000e\000s\000\040\000a\000n\000d\000\040\000F\000o\000l\000d\000\040\000E\000x\000p\000r\000e\000s\000s\000i\000o\000n\000s}{chapter.5}% 53
\BOOKMARK [2][-]{subsection.5.16.1}{\376\377\000V\000a\000r\000i\000a\000d\000i\000c\000\040\000T\000e\000m\000p\000l\000a\000t\000e\000s}{section.5.16}% 54
\BOOKMARK [2][-]{subsection.5.16.2}{\376\377\000P\000a\000r\000a\000m\000e\000t\000e\000r\000\040\000P\000a\000c\000k\000\040\000E\000x\000p\000a\000n\000s\000i\000o\000n}{section.5.16}% 55
\BOOKMARK [2][-]{subsection.5.16.3}{\376\377\000F\000o\000l\000d\000\040\000E\000x\000p\000r\000e\000s\000s\000i\000o\000n\000s}{section.5.16}% 56
\BOOKMARK [2][-]{subsection.5.16.4}{\376\377\000P\000e\000r\000f\000e\000c\000t\000\040\000F\000o\000r\000w\000a\000r\000d\000i\000n\000g}{section.5.16}% 57
\BOOKMARK [2][-]{subsection.5.16.5}{\376\377\000S\000u\000m\000m\000a\000r\000y\000\040\000o\000f\000\040\000V\000a\000r\000i\000a\000d\000i\000c\000\040\000T\000e\000m\000p\000l\000a\000t\000e\000\040\000F\000e\000a\000t\000u\000r\000e\000s}{section.5.16}% 58
\BOOKMARK [1][-]{section.5.17}{\376\377\000L\000v\000a\000l\000u\000e\000s\000\040\000a\000n\000d\000\040\000R\000v\000a\000l\000u\000e\000s}{chapter.5}% 59
\BOOKMARK [1][-]{section.5.18}{\376\377\000M\000o\000v\000e\000\040\000S\000e\000m\000a\000n\000t\000i\000c\000s}{chapter.5}% 60
\BOOKMARK [1][-]{section.5.19}{\376\377\000V\000i\000r\000t\000u\000a\000l\000\040\000F\000u\000n\000c\000t\000i\000o\000n\000s\000\040\000a\000n\000d\000\040\000t\000h\000e\000\040\000V\000t\000a\000b\000l\000e}{chapter.5}% 61
\BOOKMARK [1][-]{section.5.20}{\376\377\000R\000A\000I\000I\000\040\000\050\000R\000e\000s\000o\000u\000r\000c\000e\000\040\000A\000c\000q\000u\000i\000s\000i\000t\000i\000o\000n\000\040\000I\000s\000\040\000I\000n\000i\000t\000i\000a\000l\000i\000z\000a\000t\000i\000o\000n\000\051}{chapter.5}% 62
\BOOKMARK [1][-]{section.5.21}{\376\377\000S\000F\000I\000N\000A\000E\000\040\000\050\000S\000u\000b\000s\000t\000i\000t\000u\000t\000i\000o\000n\000\040\000F\000a\000i\000l\000u\000r\000e\000\040\000I\000s\000\040\000N\000o\000t\000\040\000A\000n\000\040\000E\000r\000r\000o\000r\000\051}{chapter.5}% 63
\BOOKMARK [1][-]{section.5.22}{\376\377\000a\000u\000t\000o\000\040\000a\000n\000d\000\040\000d\000e\000c\000l\000t\000y\000p\000e}{chapter.5}% 64
\BOOKMARK [1][-]{section.5.23}{\376\377\000c\000o\000n\000s\000t\000e\000x\000p\000r\000\040\000a\000n\000d\000\040\000c\000o\000n\000s\000t\000e\000v\000a\000l}{chapter.5}% 65
\BOOKMARK [1][-]{section.5.24}{\376\377\000n\000u\000l\000l\000p\000t\000r}{chapter.5}% 66
\BOOKMARK [1][-]{section.5.25}{\376\377\000U\000s\000e\000r\000-\000D\000e\000f\000i\000n\000e\000d\000\040\000T\000y\000p\000e\000\040\000C\000o\000n\000v\000e\000r\000s\000i\000o\000n\000s}{chapter.5}% 67
\BOOKMARK [0][-]{chapter.6}{\376\377\000M\000a\000k\000e\000/\000C\000M\000a\000k\000e}{}% 68
\BOOKMARK [1][-]{section.6.1}{\376\377\000C\000M\000a\000k\000e}{chapter.6}% 69
\BOOKMARK [0][-]{chapter.7}{\376\377\000G\000i\000t}{}% 70
\BOOKMARK [1][-]{subsection.7.0.1}{\376\377\000B\000a\000s\000i\000c\000\040\000G\000i\000t}{chapter.7}% 71
\BOOKMARK [2][-]{subsection.7.0.2}{\376\377\000A\000d\000v\000a\000n\000c\000e\000d\000\040\000G\000i\000t}{subsection.7.0.1}% 72
\BOOKMARK [2][-]{subsection.7.0.3}{\376\377\000G\000i\000t\000\040\000S\000u\000b\000m\000o\000d\000u\000l\000e\000s}{subsection.7.0.1}% 73
\BOOKMARK [1][-]{section.7.1}{\376\377\000G\000i\000t\000h\000u\000b\000.\000i\000o}{chapter.7}% 74
\BOOKMARK [1][-]{section.7.2}{\376\377\000Q\000u\000a\000l\000i\000t\000y\000\040\000O\000f\000\040\000L\000i\000f\000e\000\040\000H\000a\000c\000k\000s\000\040\000A\000n\000d\000\040\000S\000c\000r\000i\000p\000t\000s}{chapter.7}% 75
\BOOKMARK [2][-]{subsection.7.2.1}{\376\377\000R\000e\000p\000o\000s\000i\000t\000o\000r\000y\000\040\000U\000p\000d\000a\000t\000i\000n\000g}{section.7.2}% 76
\BOOKMARK [0][-]{chapter.8}{\376\377\000L\000a\000T\000e\000X}{}% 77
\BOOKMARK [1][-]{section.8.1}{\376\377\000H\000e\000l\000l\000o\000\040\000W\000o\000r\000l\000d}{chapter.8}% 78
\BOOKMARK [1][-]{section.8.2}{\376\377\000L\000a\000T\000e\000X\000B\000a\000s\000i\000c\000s}{chapter.8}% 79
\BOOKMARK [2][-]{subsection.8.2.1}{\376\377\000L\000a\000T\000e\000X\000\040\000T\000i\000t\000l\000e\000s}{section.8.2}% 80
\BOOKMARK [1][-]{section.8.3}{\376\377\000L\000a\000T\000e\000X\000\040\000e\000l\000e\000m\000e\000n\000t\000s}{chapter.8}% 81
\BOOKMARK [0][-]{chapter.9}{\376\377\000C\000\043}{}% 82
\BOOKMARK [1][-]{section.9.1}{\376\377\000U\000s\000e\000f\000u\000l\000\040\000A\000p\000p\000l\000i\000c\000a\000t\000i\000o\000n\000\040\000F\000u\000n\000c\000t\000i\000o\000n\000s}{chapter.9}% 83
\BOOKMARK [1][-]{section.9.2}{\376\377\000G\000e\000t\000t\000i\000n\000g\000\040\000W\000i\000n\000d\000o\000w\000s\000\040\000S\000y\000s\000t\000e\000m\000\040\000I\000n\000f\000o\000r\000m\000a\000t\000i\000o\000n}{chapter.9}% 84
\BOOKMARK [0][-]{chapter.10}{\376\377\000J\000a\000v\000a}{}% 85
\BOOKMARK [1][-]{section.10.1}{\376\377\000J\000a\000v\000a\000\040\000B\000a\000s\000i\000c\000s}{chapter.10}% 86
\BOOKMARK [0][-]{chapter.11}{\376\377\000H\000T\000M\000L}{}% 87
\BOOKMARK [1][-]{section.11.1}{\376\377\000H\000T\000M\000L\000\040\000B\000a\000s\000i\000c\000s}{chapter.11}% 88
\BOOKMARK [1][-]{section.11.2}{\376\377\000U\000s\000e\000f\000u\000l\000\040\000H\000T\000M\000L\000\040\000s\000c\000r\000i\000p\000t\000s}{chapter.11}% 89
\BOOKMARK [0][-]{chapter.12}{\376\377\000C\000S\000S}{}% 90
\BOOKMARK [1][-]{section.12.1}{\376\377\000C\000S\000S\000\040\000B\000a\000s\000i\000c\000s}{chapter.12}% 91
\BOOKMARK [0][-]{chapter.13}{\376\377\000P\000H\000P}{}% 92
\BOOKMARK [1][-]{section.13.1}{\376\377\000P\000H\000P\000\040\000B\000a\000s\000i\000c\000s}{chapter.13}% 93
\BOOKMARK [0][-]{chapter.14}{\376\377\000J\000a\000v\000a\000S\000c\000r\000i\000p\000t}{}% 94
\BOOKMARK [0][-]{chapter.15}{\376\377\000P\000y\000t\000h\000o\000n}{}% 95
\BOOKMARK [1][-]{section.15.1}{\376\377\000B\000a\000s\000i\000c\000s\000\040\000o\000f\000\040\000P\000y\000t\000h\000o\000n}{chapter.15}% 96
\BOOKMARK [2][-]{subsection.15.1.1}{\376\377\000I\000m\000p\000o\000r\000t\000s\000\040\000a\000n\000d\000\040\000l\000i\000b\000r\000a\000r\000i\000e\000s}{section.15.1}% 97
\BOOKMARK [2][-]{subsection.15.1.2}{\376\377\000P\000r\000o\000g\000r\000a\000m\000\040\000p\000a\000r\000a\000m\000e\000t\000e\000r\000s}{section.15.1}% 98
\BOOKMARK [2][-]{subsection.15.1.3}{\376\377\000M\000e\000t\000h\000o\000d\000s\000,\000\040\000F\000u\000n\000c\000t\000i\000o\000n\000s\000,\000\040\000a\000n\000d\000\040\000C\000l\000a\000s\000s\000e\000s}{section.15.1}% 99
\BOOKMARK [2][-]{subsection.15.1.4}{\376\377\000S\000t\000r\000i\000n\000g\000\040\000m\000a\000n\000i\000p\000u\000l\000a\000t\000i\000o\000n}{section.15.1}% 100
\BOOKMARK [2][-]{subsection.15.1.5}{\376\377\000A\000r\000r\000a\000y\000s\000\040\000a\000n\000d\000\040\000l\000i\000s\000t\000s}{section.15.1}% 101
\BOOKMARK [2][-]{subsection.15.1.6}{\376\377\000P\000l\000o\000t\000t\000i\000n\000g\000\040\000a\000n\000d\000\040\000G\000r\000a\000p\000h\000s}{section.15.1}% 102
\BOOKMARK [1][-]{section.15.2}{\376\377\000P\000y\000t\000e\000s\000t\000\040}{chapter.15}% 103
\BOOKMARK [1][-]{section.15.3}{\376\377\000P\000y\000t\000h\000o\000n\000\040\000t\000k\000\040\000G\000U\000I}{chapter.15}% 104
\BOOKMARK [1][-]{section.15.4}{\376\377\000U\000s\000e\000f\000u\000l\000\040\000M\000e\000t\000h\000o\000d\000s\000\040\000a\000n\000d\000\040\000P\000a\000c\000k\000a\000g\000e\000s}{chapter.15}% 105
\BOOKMARK [2][-]{subsection.15.4.1}{\376\377\000U\000s\000e\000f\000u\000l\000\040\000P\000a\000c\000k\000a\000g\000e\000s}{section.15.4}% 106
\BOOKMARK [2][-]{subsection.15.4.2}{\376\377\000U\000s\000e\000f\000u\000l\000\040\000M\000e\000t\000h\000o\000d\000s}{section.15.4}% 107
\BOOKMARK [0][-]{chapter.16}{\376\377\000R\000e\000s\000o\000u\000r\000c\000e\000s}{}% 108
\BOOKMARK [0][-]{chapter*.2}{\376\377\000R\000e\000f\000e\000r\000e\000n\000c\000e\000s}{}% 109
